// Jest Snapshot v1, https://goo.gl/fbAQLP

exports[`Writer should generate code for if/else condition 1`] = `
"if (condition) {
	return true;
}
else {
	return false;
}"
`;
